[   67776ms] [ERROR] Failed to load resource: the server responded with a status of 404 (Not Found) @ http://siirsuite.test/root/assets/siir.svg:0
[   67934ms] [ERROR] Failed to load resource: the server responded with a status of 404 (Not Found) @ http://siirsuite.test/root/assets/fonts/Zain-Regular.ttf:0
[   67935ms] [ERROR] Failed to load resource: the server responded with a status of 404 (Not Found) @ http://siirsuite.test/root/assets/fonts/Gwendolyn-Bold.ttf:0
[   67935ms] [ERROR] Failed to load resource: the server responded with a status of 404 (Not Found) @ http://siirsuite.test/root/assets/fonts/ElMessiri-Regular.ttf:0
[   67990ms] [ERROR] Failed to load resource: the server responded with a status of 404 (Not Found) @ http://siirsuite.test/root/assets/launcher.svg:0
[   68226ms] [ERROR] Failed to load resource: the server responded with a status of 404 (Not Found) @ http://siirsuite.test/root/assets/siir.svg:0
[   68242ms] [ERROR] Failed to load resource: the server responded with a status of 404 (Not Found) @ http://siirsuite.test/root/assets/fonts/Zain-Regular.ttf:0
[   68243ms] [ERROR] Failed to load resource: the server responded with a status of 404 (Not Found) @ http://siirsuite.test/root/assets/fonts/Gwendolyn-Bold.ttf:0
[   68243ms] [ERROR] Failed to load resource: the server responded with a status of 404 (Not Found) @ http://siirsuite.test/root/assets/fonts/ElMessiri-Regular.ttf:0
[   68416ms] [ERROR] Failed to load resource: the server responded with a status of 404 (Not Found) @ http://siirsuite.test/siir/assets/siir.svg:0
[   68416ms] [ERROR] Failed to load resource: the server responded with a status of 404 (Not Found) @ http://siirsuite.test/siir/screenshots/Screenshot_2026-10-08-14-47-09-15_c7fab53393fc9a7e45019b559b2669b6.jpg:0
[   68417ms] [ERROR] Failed to load resource: the server responded with a status of 404 (Not Found) @ http://siirsuite.test/siir/screenshots/Screenshot_2026-10-08-14-49-25-91_c7fab53393fc9a7e45019b559b2669b6.jpg:0
[   68442ms] [ERROR] Failed to load resource: the server responded with a status of 404 (Not Found) @ http://siirsuite.test/siir/assets/fonts/Zain-Regular.ttf:0
[   68443ms] [ERROR] Failed to load resource: the server responded with a status of 404 (Not Found) @ http://siirsuite.test/siir/assets/fonts/Gwendolyn-Bold.ttf:0
[   68443ms] [ERROR] Failed to load resource: the server responded with a status of 404 (Not Found) @ http://siirsuite.test/siir/assets/fonts/ElMessiri-Regular.ttf:0
[   68468ms] [ERROR] Failed to load resource: the server responded with a status of 404 (Not Found) @ http://siirsuite.test/siir/assets/launcher.svg:0
[   68613ms] [ERROR] Failed to load resource: the server responded with a status of 404 (Not Found) @ http://siirsuite.test/siir/screenshots/Screenshot_2026-10-08-14-48-40-15_c7fab53393fc9a7e45019b559b2669b6.jpg:0
[  130739ms] [ERROR] Failed to load resource: the server responded with a status of 404 (Not Found) @ http://siirsuite.test/root/assets/siir.svg:0
[  130762ms] [ERROR] Failed to load resource: the server responded with a status of 404 (Not Found) @ http://siirsuite.test/root/assets/fonts/Zain-Regular.ttf:0
[  130762ms] [ERROR] Failed to load resource: the server responded with a status of 404 (Not Found) @ http://siirsuite.test/root/assets/fonts/ElMessiri-Regular.ttf:0
[  130763ms] [ERROR] Failed to load resource: the server responded with a status of 404 (Not Found) @ http://siirsuite.test/root/assets/fonts/Gwendolyn-Bold.ttf:0
[  130883ms] [ERROR] Failed to load resource: the server responded with a status of 404 (Not Found) @ http://siirsuite.test/siir/assets/siir.svg:0
[  130887ms] [ERROR] Failed to load resource: the server responded with a status of 404 (Not Found) @ http://siirsuite.test/siir/screenshots/Screenshot_2026-10-08-14-47-09-15_c7fab53393fc9a7e45019b559b2669b6.jpg:0
[  130887ms] [ERROR] Failed to load resource: the server responded with a status of 404 (Not Found) @ http://siirsuite.test/siir/screenshots/Screenshot_2026-10-08-14-49-25-91_c7fab53393fc9a7e45019b559b2669b6.jpg:0
[  130902ms] [ERROR] Failed to load resource: the server responded with a status of 404 (Not Found) @ http://siirsuite.test/siir/assets/fonts/Zain-Regular.ttf:0
[  130905ms] [ERROR] Failed to load resource: the server responded with a status of 404 (Not Found) @ http://siirsuite.test/siir/assets/fonts/Gwendolyn-Bold.ttf:0
[  130905ms] [ERROR] Failed to load resource: the server responded with a status of 404 (Not Found) @ http://siirsuite.test/siir/assets/fonts/ElMessiri-Regular.ttf:0
[  130922ms] [ERROR] Failed to load resource: the server responded with a status of 404 (Not Found) @ http://siirsuite.test/siir/screenshots/Screenshot_2026-10-08-14-48-04-55_c7fab53393fc9a7e45019b559b2669b6.jpg:0
[  130923ms] [ERROR] Failed to load resource: the server responded with a status of 404 (Not Found) @ http://siirsuite.test/siir/screenshots/Screenshot_2026-10-08-14-47-46-45_c7fab53393fc9a7e45019b559b2669b6.jpg:0
[  130969ms] [ERROR] Failed to load resource: the server responded with a status of 404 (Not Found) @ http://siirsuite.test/siir/screenshots/Screenshot_2026-10-08-14-49-02-65_c7fab53393fc9a7e45019b559b2669b6.jpg:0
[  536443ms] [ERROR] Failed to load resource: the server responded with a status of 404 (Not Found) @ http://react-siirsuite.test/assets/Screenshot_2026-10-08-14-47-09-15_c7fab53393fc9a7e45019b559b2669b6-BzApSSaO.jpg:0
[  536443ms] [ERROR] Failed to load resource: the server responded with a status of 404 (Not Found) @ http://react-siirsuite.test/assets/Screenshot_2026-10-08-14-49-25-91_c7fab53393fc9a7e45019b559b2669b6-B_EINvAM.jpg:0
[  536471ms] [ERROR] Failed to load resource: the server responded with a status of 404 (Not Found) @ http://react-siirsuite.test/assets/Screenshot_2026-10-08-14-48-04-55_c7fab53393fc9a7e45019b559b2669b6-nrn9cnTZ.jpg:0
[  536474ms] [ERROR] Failed to load resource: the server responded with a status of 404 (Not Found) @ http://react-siirsuite.test/assets/Screenshot_2026-10-08-14-47-46-45_c7fab53393fc9a7e45019b559b2669b6-DBm_9BCX.jpg:0
[  536533ms] [ERROR] Failed to load resource: the server responded with a status of 404 (Not Found) @ http://react-siirsuite.test/assets/Screenshot_2026-10-08-14-49-02-65_c7fab53393fc9a7e45019b559b2669b6-CeQXy7nW.jpg:0
[  536605ms] [ERROR] Failed to load resource: the server responded with a status of 404 (Not Found) @ http://react-siirsuite.test/assets/Screenshot_2026-10-08-14-48-40-15_c7fab53393fc9a7e45019b559b2669b6-C1EFLWMd.jpg:0
